// Jest Snapshot v1, https://goo.gl/fbAQLP

exports[`<ToDo /> renders correctly 1`] = `
Array [
  <header>
    <header>
      <h1>
        Todo App - lab32
      </h1>
    </header>
  </header>,
  <section
    className="todo"
  >
    <div
      className="todo-form"
    >
      <h2>
        Add Item
      </h2>
      <form
        onSubmit={[Function]}
      >
        <label>
          <span>
            To Do Item
          </span>
          <input
            name="text"
            onChange={[Function]}
            placeholder="Add To Do List Item"
          />
        </label>
        <label>
          <span>
            Difficulty Rating
          </span>
          <input
            defaultValue="3"
            max="5"
            min="1"
            name="difficulty"
            onChange={[Function]}
            type="range"
          />
        </label>
        <label>
          <span>
            Assigned To
          </span>
          <input
            name="assignee"
            onChange={[Function]}
            placeholder="Assigned To"
            type="text"
          />
        </label>
        <label>
          <span>
            Due
          </span>
          <input
            name="due"
            onChange={[Function]}
            type="date"
          />
        </label>
        <button>
          Add Item
        </button>
      </form>
    </div>
    <div
      className="todo-list"
    >
      <h2>
        There are
        <span>
          0
        </span>
        Items To Complete
      </h2>
      <ul />
    </div>
  </section>,
]
`;
